../Core/Src/button_midterm.c:32:5:isButton1Pressed	4	static
../Core/Src/button_midterm.c:42:5:isButton2Pressed	4	static
../Core/Src/button_midterm.c:52:5:isButton3Pressed	4	static
../Core/Src/button_midterm.c:62:5:isButton2LongPressed	4	static
../Core/Src/button_midterm.c:72:5:isButton3LongPressed	4	static
../Core/Src/button_midterm.c:82:5:isAllButtonOff	8	static
../Core/Src/button_midterm.c:91:6:subKeyProcess	16	static
../Core/Src/button_midterm.c:109:6:longKeyProcess	16	static
../Core/Src/button_midterm.c:124:6:getKeyInput	16	static
